{"players": {"players": [{"cards": [], "tokens": 11, "number": 0}, {"cards": [], "tokens": 11, "number": 1}, {"cards": [], "tokens": 11, "number": 2}, {"cards": [], "tokens": 11, "number": 3}], "index": 0}, "cards": [29, 27, 32, 3, 30, 9, 15, 10, 34, 33, 11, 13, 14, 22, 26, 8, 35, 17, 19, 21, 4, 24, 12, 20]}